This is pdfTeX, Version 3.141592653-2.6-1.40.28 (TeX Live 2025) (preloaded format=pdflatex 2025.7.30)  23 JUL 2026 14:25
entering extended mode
 restricted \write18 enabled.
 file:line:error style messages enabled.
 %&-line parsing enabled.
**/Users/robert/Documents/Dissertation/PageSubsetDocument.tex
(/Users/robert/Documents/Dissertation/PageSubsetDocument.tex
LaTeX2e <2025-06-01> patch level 1
L3 programming layer <2025-07-19>
(/usr/local/texlive/2025/texmf-dist/tex/latex/base/article.cls
Document Class: article 2025/01/22 v1.4n Standard LaTeX document class
(/usr/local/texlive/2025/texmf-dist/tex/latex/base/size10.clo
File: size10.clo 2025/01/22 v1.4n Standard LaTeX file (size option)
)
\c@part=\count275
\c@section=\count276
\c@subsection=\count277
\c@subsubsection=\count278
\c@paragraph=\count279
\c@subparagraph=\count280
\c@figure=\count281
\c@table=\count282
\abovecaptionskip=\skip49
\belowcaptionskip=\skip50
\bibindent=\dimen148
) (/usr/local/texlive/2025/texmf-dist/tex/latex/pdfpages/pdfpages.sty
Package: pdfpages 2025/07/23 v0.6g Insert pages of external PDF documents (AM)
 (/usr/local/texlive/2025/texmf-dist/tex/latex/base/ifthen.sty
Package: ifthen 2024/03/16 v1.1e Standard LaTeX ifthen package (DPC)
) (/usr/local/texlive/2025/texmf-dist/tex/latex/tools/calc.sty
Package: calc 2025/03/01 v4.3b Infix arithmetic (KKT,FJ)
\calc@Acount=\count283
\calc@Bcount=\count284
\calc@Adimen=\dimen149
\calc@Bdimen=\dimen150
\calc@Askip=\skip51
\calc@Bskip=\skip52
LaTeX Info: Redefining \setlength on input line 86.
LaTeX Info: Redefining \addtolength on input line 87.
\calc@Ccount=\count285
\calc@Cskip=\skip53
) (/usr/local/texlive/2025/texmf-dist/tex/latex/eso-pic/eso-pic.sty
Package: eso-pic 2023/05/03 v3.0c eso-pic (RN)
\ESO@tempdima=\dimen151
\ESO@tempdimb=\dimen152
 (/usr/local/texlive/2025/texmf-dist/tex/latex/graphics/keyval.sty
Package: keyval 2022/05/29 v1.15 key=value parser (DPC)
\KV@toks@=\toks17
) (/usr/local/texlive/2025/texmf-dist/tex/latex/xcolor/xcolor.sty
Package: xcolor 2024/09/29 v3.02 LaTeX color extensions (UK)
 (/usr/local/texlive/2025/texmf-dist/tex/latex/graphics-cfg/color.cfg
File: color.cfg 2016/01/02 v1.6 sample color configuration
)
Package xcolor Info: Driver file: pdftex.def on input line 274.
 (/usr/local/texlive/2025/texmf-dist/tex/latex/graphics-def/pdftex.def
File: pdftex.def 2024/04/13 v1.2c Graphics/color driver for pdftex
) (/usr/local/texlive/2025/texmf-dist/tex/latex/graphics/mathcolor.ltx)
Package xcolor Info: Model `cmy' substituted by `cmy0' on input line 1349.
Package xcolor Info: Model `hsb' substituted by `rgb' on input line 1353.
Package xcolor Info: Model `RGB' extended on input line 1365.
Package xcolor Info: Model `HTML' substituted by `rgb' on input line 1367.
Package xcolor Info: Model `Hsb' substituted by `hsb' on input line 1368.
Package xcolor Info: Model `tHsb' substituted by `hsb' on input line 1369.
Package xcolor Info: Model `HSB' substituted by `hsb' on input line 1370.
Package xcolor Info: Model `Gray' substituted by `gray' on input line 1371.
Package xcolor Info: Model `wave' substituted by `hsb' on input line 1372.
)) (/usr/local/texlive/2025/texmf-dist/tex/latex/etoolbox/etoolbox.sty
Package: etoolbox 2025/02/11 v2.5l e-TeX tools for LaTeX (JAW)
\etb@tempcnta=\count286
) (/usr/local/texlive/2025/texmf-dist/tex/latex/graphics/graphicx.sty
Package: graphicx 2024/12/31 v1.2e Enhanced LaTeX Graphics (DPC,SPQR)
 (/usr/local/texlive/2025/texmf-dist/tex/latex/graphics/graphics.sty
Package: graphics 2024/08/06 v1.4g Standard LaTeX Graphics (DPC,SPQR)
 (/usr/local/texlive/2025/texmf-dist/tex/latex/graphics/trig.sty
Package: trig 2023/12/02 v1.11 sin cos tan (DPC)
) (/usr/local/texlive/2025/texmf-dist/tex/latex/graphics-cfg/graphics.cfg
File: graphics.cfg 2016/06/04 v1.11 sample graphics configuration
)
Package graphics Info: Driver file: pdftex.def on input line 106.
)
\Gin@req@height=\dimen153
\Gin@req@width=\dimen154
)
\AM@pagewidth=\dimen155
\AM@pageheight=\dimen156
\AM@fboxrule=\dimen157
 (/usr/local/texlive/2025/texmf-dist/tex/latex/pdfpages/pppdftex.def
File: pppdftex.def 2025/07/23 v0.6g Pdfpages driver for pdfTeX (AM)
)
\pdfpages@includegraphics@status=\count287
\AM@pagebox=\box53
\AM@global@opts=\toks18
\AM@pagecnt=\count288
\AM@toc@title=\toks19
\AM@lof@heading=\toks20
\c@AM@survey=\count289
\AM@templatesizebox=\box54
) (/usr/local/texlive/2025/texmf-dist/tex/latex/l3backend/l3backend-pdftex.def
File: l3backend-pdftex.def 2025-06-09 L3 backend support: PDF output (pdfTeX)
\l__color_backend_stack_int=\count290
) (./PageSubsetDocument.aux)
\openout1 = `PageSubsetDocument.aux'.

LaTeX Font Info:    Checking defaults for OML/cmm/m/it on input line 4.
LaTeX Font Info:    ... okay on input line 4.
LaTeX Font Info:    Checking defaults for OMS/cmsy/m/n on input line 4.
LaTeX Font Info:    ... okay on input line 4.
LaTeX Font Info:    Checking defaults for OT1/cmr/m/n on input line 4.
LaTeX Font Info:    ... okay on input line 4.
LaTeX Font Info:    Checking defaults for T1/cmr/m/n on input line 4.
LaTeX Font Info:    ... okay on input line 4.
LaTeX Font Info:    Checking defaults for TS1/cmr/m/n on input line 4.
LaTeX Font Info:    ... okay on input line 4.
LaTeX Font Info:    Checking defaults for OMX/cmex/m/n on input line 4.
LaTeX Font Info:    ... okay on input line 4.
LaTeX Font Info:    Checking defaults for U/cmr/m/n on input line 4.
LaTeX Font Info:    ... okay on input line 4.
 (/usr/local/texlive/2025/texmf-dist/tex/context/base/mkii/supp-pdf.mkii
[Loading MPS to PDF converter (version 2006.09.02).]
\scratchcounter=\count291
\scratchdimen=\dimen158
\scratchbox=\box55
\nofMPsegments=\count292
\nofMParguments=\count293
\everyMPshowfont=\toks21
\MPscratchCnt=\count294
\MPscratchDim=\dimen159
\MPnumerator=\count295
\makeMPintoPDFobject=\count296
\everyMPtoPDFconversion=\toks22
) (/usr/local/texlive/2025/texmf-dist/tex/latex/epstopdf-pkg/epstopdf-base.sty
Package: epstopdf-base 2020-01-24 v2.11 Base part for package epstopdf
Package epstopdf-base Info: Redefining graphics rule for `.eps' on input line 485.
 (/usr/local/texlive/2025/texmf-dist/tex/latex/latexconfig/epstopdf-sys.cfg
File: epstopdf-sys.cfg 2010/07/13 v1.3 Configuration of (r)epstopdf for TeX Live
)) (/usr/local/texlive/2025/texmf-dist/tex/latex/pdflscape/pdflscape.sty
Package: pdflscape 2025-06-23 v0.14 Display of landscape pages in PDF
 (/usr/local/texlive/2025/texmf-dist/tex/latex/pdflscape/pdflscape-nometadata.sty
Package: pdflscape-nometadata 2025-06-23 v0.14 Display of landscape pages in PDF (HO)
 (/usr/local/texlive/2025/texmf-dist/tex/generic/iftex/iftex.sty
Package: iftex 2024/12/12 v1.0g TeX engine tests
) (/usr/local/texlive/2025/texmf-dist/tex/latex/graphics/lscape.sty
Package: lscape 2020/05/28 v3.02 Landscape Pages (DPC)
)
Package pdflscape Info: Auto-detected driver: pdftex on input line 81.
))
<RLeeDissertation.pdf, id=1, 614.295pt x 794.97pt>
File: RLeeDissertation.pdf Graphic file (type pdf)
<use RLeeDissertation.pdf>
Package pdftex.def Info: RLeeDissertation.pdf  used on input line 8.
(pdftex.def)             Requested size: 614.29349pt x 794.96806pt.
<RLeeDissertation.pdf, id=3, page=42, 614.295pt x 794.97pt>
File: RLeeDissertation.pdf Graphic file (type pdf)
<use RLeeDissertation.pdf, page 42>
Package pdftex.def Info: RLeeDissertation.pdf , page42 used on input line 8.
(pdftex.def)             Requested size: 614.29349pt x 794.96806pt.
File: RLeeDissertation.pdf Graphic file (type pdf)
<use RLeeDissertation.pdf, page 42>
Package pdftex.def Info: RLeeDissertation.pdf , page42 used on input line 8.
(pdftex.def)             Requested size: 614.58406pt x 795.3441pt.
File: RLeeDissertation.pdf Graphic file (type pdf)
<use RLeeDissertation.pdf, page 42>
Package pdftex.def Info: RLeeDissertation.pdf , page42 used on input line 8.
(pdftex.def)             Requested size: 614.58406pt x 795.3441pt.
File: RLeeDissertation.pdf Graphic file (type pdf)
<use RLeeDissertation.pdf, page 42>
Package pdftex.def Info: RLeeDissertation.pdf , page42 used on input line 8.
(pdftex.def)             Requested size: 614.58406pt x 795.3441pt.


File: RLeeDissertation.pdf Graphic file (type pdf)
<use RLeeDissertation.pdf, page 42>
Package pdftex.def Info: RLeeDissertation.pdf , page42 used on input line 8.
(pdftex.def)             Requested size: 614.58406pt x 795.3441pt.
[1


 <./RLeeDissertation.pdf{/usr/local/texlive/2025/texmf-var/fonts/map/pdftex/updmap/pdftex.map}>]
<RLeeDissertation.pdf, id=40, page=43, 614.295pt x 794.97pt>
File: RLeeDissertation.pdf Graphic file (type pdf)
<use RLeeDissertation.pdf, page 43>
Package pdftex.def Info: RLeeDissertation.pdf , page43 used on input line 8.
(pdftex.def)             Requested size: 614.58406pt x 795.3441pt.
File: RLeeDissertation.pdf Graphic file (type pdf)
<use RLeeDissertation.pdf, page 43>
Package pdftex.def Info: RLeeDissertation.pdf , page43 used on input line 8.
(pdftex.def)             Requested size: 614.58406pt x 795.3441pt.


File: RLeeDissertation.pdf Graphic file (type pdf)
<use RLeeDissertation.pdf, page 43>
Package pdftex.def Info: RLeeDissertation.pdf , page43 used on input line 8.
(pdftex.def)             Requested size: 614.58406pt x 795.3441pt.
[2

 <./RLeeDissertation.pdf>]
<RLeeDissertation.pdf, id=44, page=44, 614.295pt x 794.97pt>
File: RLeeDissertation.pdf Graphic file (type pdf)
<use RLeeDissertation.pdf, page 44>
Package pdftex.def Info: RLeeDissertation.pdf , page44 used on input line 8.
(pdftex.def)             Requested size: 614.58406pt x 795.3441pt.
File: RLeeDissertation.pdf Graphic file (type pdf)
<use RLeeDissertation.pdf, page 44>
Package pdftex.def Info: RLeeDissertation.pdf , page44 used on input line 8.
(pdftex.def)             Requested size: 614.58406pt x 795.3441pt.


File: RLeeDissertation.pdf Graphic file (type pdf)
<use RLeeDissertation.pdf, page 44>
Package pdftex.def Info: RLeeDissertation.pdf , page44 used on input line 8.
(pdftex.def)             Requested size: 614.58406pt x 795.3441pt.
[3

 <./RLeeDissertation.pdf>]
<RLeeDissertation.pdf, id=48, page=45, 614.295pt x 794.97pt>
File: RLeeDissertation.pdf Graphic file (type pdf)
<use RLeeDissertation.pdf, page 45>
Package pdftex.def Info: RLeeDissertation.pdf , page45 used on input line 8.
(pdftex.def)             Requested size: 614.58406pt x 795.3441pt.
File: RLeeDissertation.pdf Graphic file (type pdf)
<use RLeeDissertation.pdf, page 45>
Package pdftex.def Info: RLeeDissertation.pdf , page45 used on input line 8.
(pdftex.def)             Requested size: 614.58406pt x 795.3441pt.


File: RLeeDissertation.pdf Graphic file (type pdf)
<use RLeeDissertation.pdf, page 45>
Package pdftex.def Info: RLeeDissertation.pdf , page45 used on input line 8.
(pdftex.def)             Requested size: 614.58406pt x 795.3441pt.
[4

 <./RLeeDissertation.pdf>]
<RLeeDissertation.pdf, id=52, page=46, 614.295pt x 794.97pt>
File: RLeeDissertation.pdf Graphic file (type pdf)
<use RLeeDissertation.pdf, page 46>
Package pdftex.def Info: RLeeDissertation.pdf , page46 used on input line 8.
(pdftex.def)             Requested size: 614.58406pt x 795.3441pt.
File: RLeeDissertation.pdf Graphic file (type pdf)
<use RLeeDissertation.pdf, page 46>
Package pdftex.def Info: RLeeDissertation.pdf , page46 used on input line 8.
(pdftex.def)             Requested size: 614.58406pt x 795.3441pt.


File: RLeeDissertation.pdf Graphic file (type pdf)
<use RLeeDissertation.pdf, page 46>
Package pdftex.def Info: RLeeDissertation.pdf , page46 used on input line 8.
(pdftex.def)             Requested size: 614.58406pt x 795.3441pt.
[5

 <./RLeeDissertation.pdf>]
<RLeeDissertation.pdf, id=58, page=47, 614.295pt x 794.97pt>
File: RLeeDissertation.pdf Graphic file (type pdf)
<use RLeeDissertation.pdf, page 47>
Package pdftex.def Info: RLeeDissertation.pdf , page47 used on input line 8.
(pdftex.def)             Requested size: 614.58406pt x 795.3441pt.
File: RLeeDissertation.pdf Graphic file (type pdf)
<use RLeeDissertation.pdf, page 47>
Package pdftex.def Info: RLeeDissertation.pdf , page47 used on input line 8.
(pdftex.def)             Requested size: 614.58406pt x 795.3441pt.


File: RLeeDissertation.pdf Graphic file (type pdf)
<use RLeeDissertation.pdf, page 47>
Package pdftex.def Info: RLeeDissertation.pdf , page47 used on input line 8.
(pdftex.def)             Requested size: 614.58406pt x 795.3441pt.
[6

 <./RLeeDissertation.pdf>]
<RLeeDissertation.pdf, id=64, page=48, 614.295pt x 794.97pt>
File: RLeeDissertation.pdf Graphic file (type pdf)
<use RLeeDissertation.pdf, page 48>
Package pdftex.def Info: RLeeDissertation.pdf , page48 used on input line 8.
(pdftex.def)             Requested size: 614.58406pt x 795.3441pt.
File: RLeeDissertation.pdf Graphic file (type pdf)
<use RLeeDissertation.pdf, page 48>
Package pdftex.def Info: RLeeDissertation.pdf , page48 used on input line 8.
(pdftex.def)             Requested size: 614.58406pt x 795.3441pt.


File: RLeeDissertation.pdf Graphic file (type pdf)
<use RLeeDissertation.pdf, page 48>
Package pdftex.def Info: RLeeDissertation.pdf , page48 used on input line 8.
(pdftex.def)             Requested size: 614.58406pt x 795.3441pt.
[7

 <./RLeeDissertation.pdf>]
<RLeeDissertation.pdf, id=71, page=49, 614.295pt x 794.97pt>
File: RLeeDissertation.pdf Graphic file (type pdf)
<use RLeeDissertation.pdf, page 49>
Package pdftex.def Info: RLeeDissertation.pdf , page49 used on input line 8.
(pdftex.def)             Requested size: 614.58406pt x 795.3441pt.
File: RLeeDissertation.pdf Graphic file (type pdf)
<use RLeeDissertation.pdf, page 49>
Package pdftex.def Info: RLeeDissertation.pdf , page49 used on input line 8.
(pdftex.def)             Requested size: 614.58406pt x 795.3441pt.


File: RLeeDissertation.pdf Graphic file (type pdf)
<use RLeeDissertation.pdf, page 49>
Package pdftex.def Info: RLeeDissertation.pdf , page49 used on input line 8.
(pdftex.def)             Requested size: 614.58406pt x 795.3441pt.
[8

 <./RLeeDissertation.pdf>]
<RLeeDissertation.pdf, id=77, page=50, 614.295pt x 794.97pt>
File: RLeeDissertation.pdf Graphic file (type pdf)
<use RLeeDissertation.pdf, page 50>
Package pdftex.def Info: RLeeDissertation.pdf , page50 used on input line 8.
(pdftex.def)             Requested size: 614.58406pt x 795.3441pt.
File: RLeeDissertation.pdf Graphic file (type pdf)
<use RLeeDissertation.pdf, page 50>
Package pdftex.def Info: RLeeDissertation.pdf , page50 used on input line 8.
(pdftex.def)             Requested size: 614.58406pt x 795.3441pt.


File: RLeeDissertation.pdf Graphic file (type pdf)
<use RLeeDissertation.pdf, page 50>
Package pdftex.def Info: RLeeDissertation.pdf , page50 used on input line 8.
(pdftex.def)             Requested size: 614.58406pt x 795.3441pt.
[9

 <./RLeeDissertation.pdf>]
<RLeeDissertation.pdf, id=81, page=51, 614.295pt x 794.97pt>
File: RLeeDissertation.pdf Graphic file (type pdf)
<use RLeeDissertation.pdf, page 51>
Package pdftex.def Info: RLeeDissertation.pdf , page51 used on input line 8.
(pdftex.def)             Requested size: 614.58406pt x 795.3441pt.
File: RLeeDissertation.pdf Graphic file (type pdf)
<use RLeeDissertation.pdf, page 51>
Package pdftex.def Info: RLeeDissertation.pdf , page51 used on input line 8.
(pdftex.def)             Requested size: 614.58406pt x 795.3441pt.


File: RLeeDissertation.pdf Graphic file (type pdf)
<use RLeeDissertation.pdf, page 51>
Package pdftex.def Info: RLeeDissertation.pdf , page51 used on input line 8.
(pdftex.def)             Requested size: 614.58406pt x 795.3441pt.
[10

 <./RLeeDissertation.pdf>]
<RLeeDissertation.pdf, id=85, page=52, 614.295pt x 794.97pt>
File: RLeeDissertation.pdf Graphic file (type pdf)
<use RLeeDissertation.pdf, page 52>
Package pdftex.def Info: RLeeDissertation.pdf , page52 used on input line 8.
(pdftex.def)             Requested size: 614.58406pt x 795.3441pt.
File: RLeeDissertation.pdf Graphic file (type pdf)
<use RLeeDissertation.pdf, page 52>
Package pdftex.def Info: RLeeDissertation.pdf , page52 used on input line 8.
(pdftex.def)             Requested size: 614.58406pt x 795.3441pt.


File: RLeeDissertation.pdf Graphic file (type pdf)
<use RLeeDissertation.pdf, page 52>
Package pdftex.def Info: RLeeDissertation.pdf , page52 used on input line 8.
(pdftex.def)             Requested size: 614.58406pt x 795.3441pt.
[11

 <./RLeeDissertation.pdf>]
<RLeeDissertation.pdf, id=89, page=53, 614.295pt x 794.97pt>
File: RLeeDissertation.pdf Graphic file (type pdf)
<use RLeeDissertation.pdf, page 53>
Package pdftex.def Info: RLeeDissertation.pdf , page53 used on input line 8.
(pdftex.def)             Requested size: 614.58406pt x 795.3441pt.
File: RLeeDissertation.pdf Graphic file (type pdf)
<use RLeeDissertation.pdf, page 53>
Package pdftex.def Info: RLeeDissertation.pdf , page53 used on input line 8.
(pdftex.def)             Requested size: 614.58406pt x 795.3441pt.


File: RLeeDissertation.pdf Graphic file (type pdf)
<use RLeeDissertation.pdf, page 53>
Package pdftex.def Info: RLeeDissertation.pdf , page53 used on input line 8.
(pdftex.def)             Requested size: 614.58406pt x 795.3441pt.
[12

 <./RLeeDissertation.pdf>]
<RLeeDissertation.pdf, id=95, page=54, 614.295pt x 794.97pt>
File: RLeeDissertation.pdf Graphic file (type pdf)
<use RLeeDissertation.pdf, page 54>
Package pdftex.def Info: RLeeDissertation.pdf , page54 used on input line 8.
(pdftex.def)             Requested size: 614.58406pt x 795.3441pt.
File: RLeeDissertation.pdf Graphic file (type pdf)
<use RLeeDissertation.pdf, page 54>
Package pdftex.def Info: RLeeDissertation.pdf , page54 used on input line 8.
(pdftex.def)             Requested size: 614.58406pt x 795.3441pt.


File: RLeeDissertation.pdf Graphic file (type pdf)
<use RLeeDissertation.pdf, page 54>
Package pdftex.def Info: RLeeDissertation.pdf , page54 used on input line 8.
(pdftex.def)             Requested size: 614.58406pt x 795.3441pt.
[13

 <./RLeeDissertation.pdf>]
<RLeeDissertation.pdf, id=100, page=55, 614.295pt x 794.97pt>
File: RLeeDissertation.pdf Graphic file (type pdf)
<use RLeeDissertation.pdf, page 55>
Package pdftex.def Info: RLeeDissertation.pdf , page55 used on input line 8.
(pdftex.def)             Requested size: 614.58406pt x 795.3441pt.
File: RLeeDissertation.pdf Graphic file (type pdf)
<use RLeeDissertation.pdf, page 55>
Package pdftex.def Info: RLeeDissertation.pdf , page55 used on input line 8.
(pdftex.def)             Requested size: 614.58406pt x 795.3441pt.


File: RLeeDissertation.pdf Graphic file (type pdf)
<use RLeeDissertation.pdf, page 55>
Package pdftex.def Info: RLeeDissertation.pdf , page55 used on input line 8.
(pdftex.def)             Requested size: 614.58406pt x 795.3441pt.
[14

 <./RLeeDissertation.pdf>]
<RLeeDissertation.pdf, id=108, page=56, 614.295pt x 794.97pt>
File: RLeeDissertation.pdf Graphic file (type pdf)
<use RLeeDissertation.pdf, page 56>
Package pdftex.def Info: RLeeDissertation.pdf , page56 used on input line 8.
(pdftex.def)             Requested size: 614.58406pt x 795.3441pt.
File: RLeeDissertation.pdf Graphic file (type pdf)
<use RLeeDissertation.pdf, page 56>
Package pdftex.def Info: RLeeDissertation.pdf , page56 used on input line 8.
(pdftex.def)             Requested size: 614.58406pt x 795.3441pt.


File: RLeeDissertation.pdf Graphic file (type pdf)
<use RLeeDissertation.pdf, page 56>
Package pdftex.def Info: RLeeDissertation.pdf , page56 used on input line 8.
(pdftex.def)             Requested size: 614.58406pt x 795.3441pt.
[15

 <./RLeeDissertation.pdf>]
<RLeeDissertation.pdf, id=112, page=57, 614.295pt x 794.97pt>
File: RLeeDissertation.pdf Graphic file (type pdf)
<use RLeeDissertation.pdf, page 57>
Package pdftex.def Info: RLeeDissertation.pdf , page57 used on input line 8.
(pdftex.def)             Requested size: 614.58406pt x 795.3441pt.
File: RLeeDissertation.pdf Graphic file (type pdf)
<use RLeeDissertation.pdf, page 57>
Package pdftex.def Info: RLeeDissertation.pdf , page57 used on input line 8.
(pdftex.def)             Requested size: 614.58406pt x 795.3441pt.


File: RLeeDissertation.pdf Graphic file (type pdf)
<use RLeeDissertation.pdf, page 57>
Package pdftex.def Info: RLeeDissertation.pdf , page57 used on input line 8.
(pdftex.def)             Requested size: 614.58406pt x 795.3441pt.
[16

 <./RLeeDissertation.pdf>]
<RLeeDissertation.pdf, id=118, page=58, 614.295pt x 794.97pt>
File: RLeeDissertation.pdf Graphic file (type pdf)
<use RLeeDissertation.pdf, page 58>
Package pdftex.def Info: RLeeDissertation.pdf , page58 used on input line 8.
(pdftex.def)             Requested size: 614.58406pt x 795.3441pt.
File: RLeeDissertation.pdf Graphic file (type pdf)
<use RLeeDissertation.pdf, page 58>
Package pdftex.def Info: RLeeDissertation.pdf , page58 used on input line 8.
(pdftex.def)             Requested size: 614.58406pt x 795.3441pt.


File: RLeeDissertation.pdf Graphic file (type pdf)
<use RLeeDissertation.pdf, page 58>
Package pdftex.def Info: RLeeDissertation.pdf , page58 used on input line 8.
(pdftex.def)             Requested size: 614.58406pt x 795.3441pt.
[17

 <./RLeeDissertation.pdf>]
<RLeeDissertation.pdf, id=128, page=59, 614.295pt x 794.97pt>
File: RLeeDissertation.pdf Graphic file (type pdf)
<use RLeeDissertation.pdf, page 59>
Package pdftex.def Info: RLeeDissertation.pdf , page59 used on input line 8.
(pdftex.def)             Requested size: 614.58406pt x 795.3441pt.
File: RLeeDissertation.pdf Graphic file (type pdf)
<use RLeeDissertation.pdf, page 59>
Package pdftex.def Info: RLeeDissertation.pdf , page59 used on input line 8.
(pdftex.def)             Requested size: 614.58406pt x 795.3441pt.


File: RLeeDissertation.pdf Graphic file (type pdf)
<use RLeeDissertation.pdf, page 59>
Package pdftex.def Info: RLeeDissertation.pdf , page59 used on input line 8.
(pdftex.def)             Requested size: 614.58406pt x 795.3441pt.
[18

 <./RLeeDissertation.pdf>]
<RLeeDissertation.pdf, id=134, page=60, 614.295pt x 794.97pt>
File: RLeeDissertation.pdf Graphic file (type pdf)
<use RLeeDissertation.pdf, page 60>
Package pdftex.def Info: RLeeDissertation.pdf , page60 used on input line 8.
(pdftex.def)             Requested size: 614.58406pt x 795.3441pt.
File: RLeeDissertation.pdf Graphic file (type pdf)
<use RLeeDissertation.pdf, page 60>
Package pdftex.def Info: RLeeDissertation.pdf , page60 used on input line 8.
(pdftex.def)             Requested size: 614.58406pt x 795.3441pt.


File: RLeeDissertation.pdf Graphic file (type pdf)
<use RLeeDissertation.pdf, page 60>
Package pdftex.def Info: RLeeDissertation.pdf , page60 used on input line 8.
(pdftex.def)             Requested size: 614.58406pt x 795.3441pt.
[19

 <./RLeeDissertation.pdf>]
<RLeeDissertation.pdf, id=139, page=61, 614.295pt x 794.97pt>
File: RLeeDissertation.pdf Graphic file (type pdf)
<use RLeeDissertation.pdf, page 61>
Package pdftex.def Info: RLeeDissertation.pdf , page61 used on input line 8.
(pdftex.def)             Requested size: 614.58406pt x 795.3441pt.
File: RLeeDissertation.pdf Graphic file (type pdf)
<use RLeeDissertation.pdf, page 61>
Package pdftex.def Info: RLeeDissertation.pdf , page61 used on input line 8.
(pdftex.def)             Requested size: 614.58406pt x 795.3441pt.


File: RLeeDissertation.pdf Graphic file (type pdf)
<use RLeeDissertation.pdf, page 61>
Package pdftex.def Info: RLeeDissertation.pdf , page61 used on input line 8.
(pdftex.def)             Requested size: 614.58406pt x 795.3441pt.
[20

 <./RLeeDissertation.pdf>]
<RLeeDissertation.pdf, id=145, page=62, 614.295pt x 794.97pt>
File: RLeeDissertation.pdf Graphic file (type pdf)
<use RLeeDissertation.pdf, page 62>
Package pdftex.def Info: RLeeDissertation.pdf , page62 used on input line 8.
(pdftex.def)             Requested size: 614.58406pt x 795.3441pt.
File: RLeeDissertation.pdf Graphic file (type pdf)
<use RLeeDissertation.pdf, page 62>
Package pdftex.def Info: RLeeDissertation.pdf , page62 used on input line 8.
(pdftex.def)             Requested size: 614.58406pt x 795.3441pt.


File: RLeeDissertation.pdf Graphic file (type pdf)
<use RLeeDissertation.pdf, page 62>
Package pdftex.def Info: RLeeDissertation.pdf , page62 used on input line 8.
(pdftex.def)             Requested size: 614.58406pt x 795.3441pt.
[21

 <./RLeeDissertation.pdf>]
<RLeeDissertation.pdf, id=149, page=63, 614.295pt x 794.97pt>
File: RLeeDissertation.pdf Graphic file (type pdf)
<use RLeeDissertation.pdf, page 63>
Package pdftex.def Info: RLeeDissertation.pdf , page63 used on input line 8.
(pdftex.def)             Requested size: 614.58406pt x 795.3441pt.
File: RLeeDissertation.pdf Graphic file (type pdf)
<use RLeeDissertation.pdf, page 63>
Package pdftex.def Info: RLeeDissertation.pdf , page63 used on input line 8.
(pdftex.def)             Requested size: 614.58406pt x 795.3441pt.


File: RLeeDissertation.pdf Graphic file (type pdf)
<use RLeeDissertation.pdf, page 63>
Package pdftex.def Info: RLeeDissertation.pdf , page63 used on input line 8.
(pdftex.def)             Requested size: 614.58406pt x 795.3441pt.
[22

 <./RLeeDissertation.pdf>]
<RLeeDissertation.pdf, id=153, page=64, 614.295pt x 794.97pt>
File: RLeeDissertation.pdf Graphic file (type pdf)
<use RLeeDissertation.pdf, page 64>
Package pdftex.def Info: RLeeDissertation.pdf , page64 used on input line 8.
(pdftex.def)             Requested size: 614.58406pt x 795.3441pt.
File: RLeeDissertation.pdf Graphic file (type pdf)
<use RLeeDissertation.pdf, page 64>
Package pdftex.def Info: RLeeDissertation.pdf , page64 used on input line 8.
(pdftex.def)             Requested size: 614.58406pt x 795.3441pt.


File: RLeeDissertation.pdf Graphic file (type pdf)
<use RLeeDissertation.pdf, page 64>
Package pdftex.def Info: RLeeDissertation.pdf , page64 used on input line 8.
(pdftex.def)             Requested size: 614.58406pt x 795.3441pt.
[23

 <./RLeeDissertation.pdf>]
<RLeeDissertation.pdf, id=157, page=65, 614.295pt x 794.97pt>
File: RLeeDissertation.pdf Graphic file (type pdf)
<use RLeeDissertation.pdf, page 65>
Package pdftex.def Info: RLeeDissertation.pdf , page65 used on input line 8.
(pdftex.def)             Requested size: 614.58406pt x 795.3441pt.
File: RLeeDissertation.pdf Graphic file (type pdf)
<use RLeeDissertation.pdf, page 65>
Package pdftex.def Info: RLeeDissertation.pdf , page65 used on input line 8.
(pdftex.def)             Requested size: 614.58406pt x 795.3441pt.


File: RLeeDissertation.pdf Graphic file (type pdf)
<use RLeeDissertation.pdf, page 65>
Package pdftex.def Info: RLeeDissertation.pdf , page65 used on input line 8.
(pdftex.def)             Requested size: 614.58406pt x 795.3441pt.
[24

 <./RLeeDissertation.pdf>]
<RLeeDissertation.pdf, id=173, page=66, 614.295pt x 794.97pt>
File: RLeeDissertation.pdf Graphic file (type pdf)
<use RLeeDissertation.pdf, page 66>
Package pdftex.def Info: RLeeDissertation.pdf , page66 used on input line 8.
(pdftex.def)             Requested size: 614.58406pt x 795.3441pt.
File: RLeeDissertation.pdf Graphic file (type pdf)
<use RLeeDissertation.pdf, page 66>
Package pdftex.def Info: RLeeDissertation.pdf , page66 used on input line 8.
(pdftex.def)             Requested size: 614.58406pt x 795.3441pt.


File: RLeeDissertation.pdf Graphic file (type pdf)
<use RLeeDissertation.pdf, page 66>
Package pdftex.def Info: RLeeDissertation.pdf , page66 used on input line 8.
(pdftex.def)             Requested size: 614.58406pt x 795.3441pt.
[25

 <./RLeeDissertation.pdf>]
<RLeeDissertation.pdf, id=178, page=67, 614.295pt x 794.97pt>
File: RLeeDissertation.pdf Graphic file (type pdf)
<use RLeeDissertation.pdf, page 67>
Package pdftex.def Info: RLeeDissertation.pdf , page67 used on input line 8.
(pdftex.def)             Requested size: 614.58406pt x 795.3441pt.
File: RLeeDissertation.pdf Graphic file (type pdf)
<use RLeeDissertation.pdf, page 67>
Package pdftex.def Info: RLeeDissertation.pdf , page67 used on input line 8.
(pdftex.def)             Requested size: 614.58406pt x 795.3441pt.


File: RLeeDissertation.pdf Graphic file (type pdf)
<use RLeeDissertation.pdf, page 67>
Package pdftex.def Info: RLeeDissertation.pdf , page67 used on input line 8.
(pdftex.def)             Requested size: 614.58406pt x 795.3441pt.
[26

 <./RLeeDissertation.pdf>]
<RLeeDissertation.pdf, id=182, page=68, 614.295pt x 794.97pt>
File: RLeeDissertation.pdf Graphic file (type pdf)
<use RLeeDissertation.pdf, page 68>
Package pdftex.def Info: RLeeDissertation.pdf , page68 used on input line 8.
(pdftex.def)             Requested size: 614.58406pt x 795.3441pt.
File: RLeeDissertation.pdf Graphic file (type pdf)
<use RLeeDissertation.pdf, page 68>
Package pdftex.def Info: RLeeDissertation.pdf , page68 used on input line 8.
(pdftex.def)             Requested size: 614.58406pt x 795.3441pt.


File: RLeeDissertation.pdf Graphic file (type pdf)
<use RLeeDissertation.pdf, page 68>
Package pdftex.def Info: RLeeDissertation.pdf , page68 used on input line 8.
(pdftex.def)             Requested size: 614.58406pt x 795.3441pt.
[27

 <./RLeeDissertation.pdf>]
<RLeeDissertation.pdf, id=188, page=69, 614.295pt x 794.97pt>
File: RLeeDissertation.pdf Graphic file (type pdf)
<use RLeeDissertation.pdf, page 69>
Package pdftex.def Info: RLeeDissertation.pdf , page69 used on input line 8.
(pdftex.def)             Requested size: 614.58406pt x 795.3441pt.
File: RLeeDissertation.pdf Graphic file (type pdf)
<use RLeeDissertation.pdf, page 69>
Package pdftex.def Info: RLeeDissertation.pdf , page69 used on input line 8.
(pdftex.def)             Requested size: 614.58406pt x 795.3441pt.


File: RLeeDissertation.pdf Graphic file (type pdf)
<use RLeeDissertation.pdf, page 69>
Package pdftex.def Info: RLeeDissertation.pdf , page69 used on input line 8.
(pdftex.def)             Requested size: 614.58406pt x 795.3441pt.
[28

 <./RLeeDissertation.pdf>]
<RLeeDissertation.pdf, id=194, page=70, 614.295pt x 794.97pt>
File: RLeeDissertation.pdf Graphic file (type pdf)
<use RLeeDissertation.pdf, page 70>
Package pdftex.def Info: RLeeDissertation.pdf , page70 used on input line 8.
(pdftex.def)             Requested size: 614.58406pt x 795.3441pt.
File: RLeeDissertation.pdf Graphic file (type pdf)
<use RLeeDissertation.pdf, page 70>
Package pdftex.def Info: RLeeDissertation.pdf , page70 used on input line 8.
(pdftex.def)             Requested size: 614.58406pt x 795.3441pt.


File: RLeeDissertation.pdf Graphic file (type pdf)
<use RLeeDissertation.pdf, page 70>
Package pdftex.def Info: RLeeDissertation.pdf , page70 used on input line 8.
(pdftex.def)             Requested size: 614.58406pt x 795.3441pt.
[29

 <./RLeeDissertation.pdf>]
<RLeeDissertation.pdf, id=200, page=71, 614.295pt x 794.97pt>
File: RLeeDissertation.pdf Graphic file (type pdf)
<use RLeeDissertation.pdf, page 71>
Package pdftex.def Info: RLeeDissertation.pdf , page71 used on input line 8.
(pdftex.def)             Requested size: 614.58406pt x 795.3441pt.
File: RLeeDissertation.pdf Graphic file (type pdf)
<use RLeeDissertation.pdf, page 71>
Package pdftex.def Info: RLeeDissertation.pdf , page71 used on input line 8.
(pdftex.def)             Requested size: 614.58406pt x 795.3441pt.


File: RLeeDissertation.pdf Graphic file (type pdf)
<use RLeeDissertation.pdf, page 71>
Package pdftex.def Info: RLeeDissertation.pdf , page71 used on input line 8.
(pdftex.def)             Requested size: 614.58406pt x 795.3441pt.
[30

 <./RLeeDissertation.pdf>]
<RLeeDissertation.pdf, id=206, page=72, 614.295pt x 794.97pt>
File: RLeeDissertation.pdf Graphic file (type pdf)
<use RLeeDissertation.pdf, page 72>
Package pdftex.def Info: RLeeDissertation.pdf , page72 used on input line 8.
(pdftex.def)             Requested size: 614.58406pt x 795.3441pt.
File: RLeeDissertation.pdf Graphic file (type pdf)
<use RLeeDissertation.pdf, page 72>
Package pdftex.def Info: RLeeDissertation.pdf , page72 used on input line 8.
(pdftex.def)             Requested size: 614.58406pt x 795.3441pt.


File: RLeeDissertation.pdf Graphic file (type pdf)
<use RLeeDissertation.pdf, page 72>
Package pdftex.def Info: RLeeDissertation.pdf , page72 used on input line 8.
(pdftex.def)             Requested size: 614.58406pt x 795.3441pt.
[31

 <./RLeeDissertation.pdf>]
<RLeeDissertation.pdf, id=213, page=73, 614.295pt x 794.97pt>
File: RLeeDissertation.pdf Graphic file (type pdf)
<use RLeeDissertation.pdf, page 73>
Package pdftex.def Info: RLeeDissertation.pdf , page73 used on input line 8.
(pdftex.def)             Requested size: 614.58406pt x 795.3441pt.
File: RLeeDissertation.pdf Graphic file (type pdf)
<use RLeeDissertation.pdf, page 73>
Package pdftex.def Info: RLeeDissertation.pdf , page73 used on input line 8.
(pdftex.def)             Requested size: 614.58406pt x 795.3441pt.


File: RLeeDissertation.pdf Graphic file (type pdf)
<use RLeeDissertation.pdf, page 73>
Package pdftex.def Info: RLeeDissertation.pdf , page73 used on input line 8.
(pdftex.def)             Requested size: 614.58406pt x 795.3441pt.
[32

 <./RLeeDissertation.pdf>]
<RLeeDissertation.pdf, id=219, page=74, 614.295pt x 794.97pt>
File: RLeeDissertation.pdf Graphic file (type pdf)
<use RLeeDissertation.pdf, page 74>
Package pdftex.def Info: RLeeDissertation.pdf , page74 used on input line 8.
(pdftex.def)             Requested size: 614.58406pt x 795.3441pt.
File: RLeeDissertation.pdf Graphic file (type pdf)
<use RLeeDissertation.pdf, page 74>
Package pdftex.def Info: RLeeDissertation.pdf , page74 used on input line 8.
(pdftex.def)             Requested size: 614.58406pt x 795.3441pt.


File: RLeeDissertation.pdf Graphic file (type pdf)
<use RLeeDissertation.pdf, page 74>
Package pdftex.def Info: RLeeDissertation.pdf , page74 used on input line 8.
(pdftex.def)             Requested size: 614.58406pt x 795.3441pt.
[33

 <./RLeeDissertation.pdf>]
<RLeeDissertation.pdf, id=225, page=75, 614.295pt x 794.97pt>
File: RLeeDissertation.pdf Graphic file (type pdf)
<use RLeeDissertation.pdf, page 75>
Package pdftex.def Info: RLeeDissertation.pdf , page75 used on input line 8.
(pdftex.def)             Requested size: 614.58406pt x 795.3441pt.
File: RLeeDissertation.pdf Graphic file (type pdf)
<use RLeeDissertation.pdf, page 75>
Package pdftex.def Info: RLeeDissertation.pdf , page75 used on input line 8.
(pdftex.def)             Requested size: 614.58406pt x 795.3441pt.


File: RLeeDissertation.pdf Graphic file (type pdf)
<use RLeeDissertation.pdf, page 75>
Package pdftex.def Info: RLeeDissertation.pdf , page75 used on input line 8.
(pdftex.def)             Requested size: 614.58406pt x 795.3441pt.
[34

 <./RLeeDissertation.pdf>]
<RLeeDissertation.pdf, id=229, page=76, 614.295pt x 794.97pt>
File: RLeeDissertation.pdf Graphic file (type pdf)
<use RLeeDissertation.pdf, page 76>
Package pdftex.def Info: RLeeDissertation.pdf , page76 used on input line 8.
(pdftex.def)             Requested size: 614.58406pt x 795.3441pt.
File: RLeeDissertation.pdf Graphic file (type pdf)
<use RLeeDissertation.pdf, page 76>
Package pdftex.def Info: RLeeDissertation.pdf , page76 used on input line 8.
(pdftex.def)             Requested size: 614.58406pt x 795.3441pt.


File: RLeeDissertation.pdf Graphic file (type pdf)
<use RLeeDissertation.pdf, page 76>
Package pdftex.def Info: RLeeDissertation.pdf , page76 used on input line 8.
(pdftex.def)             Requested size: 614.58406pt x 795.3441pt.
[35

 <./RLeeDissertation.pdf>]
<RLeeDissertation.pdf, id=235, page=77, 614.295pt x 794.97pt>
File: RLeeDissertation.pdf Graphic file (type pdf)
<use RLeeDissertation.pdf, page 77>
Package pdftex.def Info: RLeeDissertation.pdf , page77 used on input line 8.
(pdftex.def)             Requested size: 614.58406pt x 795.3441pt.
File: RLeeDissertation.pdf Graphic file (type pdf)
<use RLeeDissertation.pdf, page 77>
Package pdftex.def Info: RLeeDissertation.pdf , page77 used on input line 8.
(pdftex.def)             Requested size: 614.58406pt x 795.3441pt.


File: RLeeDissertation.pdf Graphic file (type pdf)
<use RLeeDissertation.pdf, page 77>
Package pdftex.def Info: RLeeDissertation.pdf , page77 used on input line 8.
(pdftex.def)             Requested size: 614.58406pt x 795.3441pt.
[36

 <./RLeeDissertation.pdf>]
<RLeeDissertation.pdf, id=241, page=78, 614.295pt x 794.97pt>
File: RLeeDissertation.pdf Graphic file (type pdf)
<use RLeeDissertation.pdf, page 78>
Package pdftex.def Info: RLeeDissertation.pdf , page78 used on input line 8.
(pdftex.def)             Requested size: 614.58406pt x 795.3441pt.
File: RLeeDissertation.pdf Graphic file (type pdf)
<use RLeeDissertation.pdf, page 78>
Package pdftex.def Info: RLeeDissertation.pdf , page78 used on input line 8.
(pdftex.def)             Requested size: 614.58406pt x 795.3441pt.


File: RLeeDissertation.pdf Graphic file (type pdf)
<use RLeeDissertation.pdf, page 78>
Package pdftex.def Info: RLeeDissertation.pdf , page78 used on input line 8.
(pdftex.def)             Requested size: 614.58406pt x 795.3441pt.
[37

 <./RLeeDissertation.pdf>]
<RLeeDissertation.pdf, id=248, page=79, 614.295pt x 794.97pt>
File: RLeeDissertation.pdf Graphic file (type pdf)
<use RLeeDissertation.pdf, page 79>
Package pdftex.def Info: RLeeDissertation.pdf , page79 used on input line 8.
(pdftex.def)             Requested size: 614.58406pt x 795.3441pt.
File: RLeeDissertation.pdf Graphic file (type pdf)
<use RLeeDissertation.pdf, page 79>
Package pdftex.def Info: RLeeDissertation.pdf , page79 used on input line 8.
(pdftex.def)             Requested size: 614.58406pt x 795.3441pt.


File: RLeeDissertation.pdf Graphic file (type pdf)
<use RLeeDissertation.pdf, page 79>
Package pdftex.def Info: RLeeDissertation.pdf , page79 used on input line 8.
(pdftex.def)             Requested size: 614.58406pt x 795.3441pt.
[38

 <./RLeeDissertation.pdf>]
<RLeeDissertation.pdf, id=255, page=80, 614.295pt x 794.97pt>
File: RLeeDissertation.pdf Graphic file (type pdf)
<use RLeeDissertation.pdf, page 80>
Package pdftex.def Info: RLeeDissertation.pdf , page80 used on input line 8.
(pdftex.def)             Requested size: 614.58406pt x 795.3441pt.
File: RLeeDissertation.pdf Graphic file (type pdf)
<use RLeeDissertation.pdf, page 80>
Package pdftex.def Info: RLeeDissertation.pdf , page80 used on input line 8.
(pdftex.def)             Requested size: 614.58406pt x 795.3441pt.


File: RLeeDissertation.pdf Graphic file (type pdf)
<use RLeeDissertation.pdf, page 80>
Package pdftex.def Info: RLeeDissertation.pdf , page80 used on input line 8.
(pdftex.def)             Requested size: 614.58406pt x 795.3441pt.
[39

 <./RLeeDissertation.pdf>]
<RLeeDissertation.pdf, id=261, page=81, 614.295pt x 794.97pt>
File: RLeeDissertation.pdf Graphic file (type pdf)
<use RLeeDissertation.pdf, page 81>
Package pdftex.def Info: RLeeDissertation.pdf , page81 used on input line 8.
(pdftex.def)             Requested size: 614.58406pt x 795.3441pt.
File: RLeeDissertation.pdf Graphic file (type pdf)
<use RLeeDissertation.pdf, page 81>
Package pdftex.def Info: RLeeDissertation.pdf , page81 used on input line 8.
(pdftex.def)             Requested size: 614.58406pt x 795.3441pt.


File: RLeeDissertation.pdf Graphic file (type pdf)
<use RLeeDissertation.pdf, page 81>
Package pdftex.def Info: RLeeDissertation.pdf , page81 used on input line 8.
(pdftex.def)             Requested size: 614.58406pt x 795.3441pt.
[40

 <./RLeeDissertation.pdf>]
<RLeeDissertation.pdf, id=267, page=82, 614.295pt x 794.97pt>
File: RLeeDissertation.pdf Graphic file (type pdf)
<use RLeeDissertation.pdf, page 82>
Package pdftex.def Info: RLeeDissertation.pdf , page82 used on input line 8.
(pdftex.def)             Requested size: 614.58406pt x 795.3441pt.
File: RLeeDissertation.pdf Graphic file (type pdf)
<use RLeeDissertation.pdf, page 82>
Package pdftex.def Info: RLeeDissertation.pdf , page82 used on input line 8.
(pdftex.def)             Requested size: 614.58406pt x 795.3441pt.


File: RLeeDissertation.pdf Graphic file (type pdf)
<use RLeeDissertation.pdf, page 82>
Package pdftex.def Info: RLeeDissertation.pdf , page82 used on input line 8.
(pdftex.def)             Requested size: 614.58406pt x 795.3441pt.
[41

 <./RLeeDissertation.pdf>]
<RLeeDissertation.pdf, id=273, page=83, 614.295pt x 794.97pt>
File: RLeeDissertation.pdf Graphic file (type pdf)
<use RLeeDissertation.pdf, page 83>
Package pdftex.def Info: RLeeDissertation.pdf , page83 used on input line 8.
(pdftex.def)             Requested size: 614.58406pt x 795.3441pt.
File: RLeeDissertation.pdf Graphic file (type pdf)
<use RLeeDissertation.pdf, page 83>
Package pdftex.def Info: RLeeDissertation.pdf , page83 used on input line 8.
(pdftex.def)             Requested size: 614.58406pt x 795.3441pt.


File: RLeeDissertation.pdf Graphic file (type pdf)
<use RLeeDissertation.pdf, page 83>
Package pdftex.def Info: RLeeDissertation.pdf , page83 used on input line 8.
(pdftex.def)             Requested size: 614.58406pt x 795.3441pt.
[42

 <./RLeeDissertation.pdf>]
<RLeeDissertation.pdf, id=279, page=84, 614.295pt x 794.97pt>
File: RLeeDissertation.pdf Graphic file (type pdf)
<use RLeeDissertation.pdf, page 84>
Package pdftex.def Info: RLeeDissertation.pdf , page84 used on input line 8.
(pdftex.def)             Requested size: 614.58406pt x 795.3441pt.
File: RLeeDissertation.pdf Graphic file (type pdf)
<use RLeeDissertation.pdf, page 84>
Package pdftex.def Info: RLeeDissertation.pdf , page84 used on input line 8.
(pdftex.def)             Requested size: 614.58406pt x 795.3441pt.


File: RLeeDissertation.pdf Graphic file (type pdf)
<use RLeeDissertation.pdf, page 84>
Package pdftex.def Info: RLeeDissertation.pdf , page84 used on input line 8.
(pdftex.def)             Requested size: 614.58406pt x 795.3441pt.
[43

 <./RLeeDissertation.pdf>]
<RLeeDissertation.pdf, id=286, page=85, 614.295pt x 794.97pt>
File: RLeeDissertation.pdf Graphic file (type pdf)
<use RLeeDissertation.pdf, page 85>
Package pdftex.def Info: RLeeDissertation.pdf , page85 used on input line 8.
(pdftex.def)             Requested size: 614.58406pt x 795.3441pt.
File: RLeeDissertation.pdf Graphic file (type pdf)
<use RLeeDissertation.pdf, page 85>
Package pdftex.def Info: RLeeDissertation.pdf , page85 used on input line 8.
(pdftex.def)             Requested size: 614.58406pt x 795.3441pt.


File: RLeeDissertation.pdf Graphic file (type pdf)
<use RLeeDissertation.pdf, page 85>
Package pdftex.def Info: RLeeDissertation.pdf , page85 used on input line 8.
(pdftex.def)             Requested size: 614.58406pt x 795.3441pt.
[44

 <./RLeeDissertation.pdf>]
<RLeeDissertation.pdf, id=292, page=86, 614.295pt x 794.97pt>
File: RLeeDissertation.pdf Graphic file (type pdf)
<use RLeeDissertation.pdf, page 86>
Package pdftex.def Info: RLeeDissertation.pdf , page86 used on input line 8.
(pdftex.def)             Requested size: 614.58406pt x 795.3441pt.
File: RLeeDissertation.pdf Graphic file (type pdf)
<use RLeeDissertation.pdf, page 86>
Package pdftex.def Info: RLeeDissertation.pdf , page86 used on input line 8.
(pdftex.def)             Requested size: 614.58406pt x 795.3441pt.


File: RLeeDissertation.pdf Graphic file (type pdf)
<use RLeeDissertation.pdf, page 86>
Package pdftex.def Info: RLeeDissertation.pdf , page86 used on input line 8.
(pdftex.def)             Requested size: 614.58406pt x 795.3441pt.
[45

 <./RLeeDissertation.pdf>]
<RLeeDissertation.pdf, id=302, page=87, 614.295pt x 794.97pt>
File: RLeeDissertation.pdf Graphic file (type pdf)
<use RLeeDissertation.pdf, page 87>
Package pdftex.def Info: RLeeDissertation.pdf , page87 used on input line 8.
(pdftex.def)             Requested size: 614.58406pt x 795.3441pt.
File: RLeeDissertation.pdf Graphic file (type pdf)
<use RLeeDissertation.pdf, page 87>
Package pdftex.def Info: RLeeDissertation.pdf , page87 used on input line 8.
(pdftex.def)             Requested size: 614.58406pt x 795.3441pt.


File: RLeeDissertation.pdf Graphic file (type pdf)
<use RLeeDissertation.pdf, page 87>
Package pdftex.def Info: RLeeDissertation.pdf , page87 used on input line 8.
(pdftex.def)             Requested size: 614.58406pt x 795.3441pt.
[46

 <./RLeeDissertation.pdf>]
<RLeeDissertation.pdf, id=308, page=88, 614.295pt x 794.97pt>
File: RLeeDissertation.pdf Graphic file (type pdf)
<use RLeeDissertation.pdf, page 88>
Package pdftex.def Info: RLeeDissertation.pdf , page88 used on input line 8.
(pdftex.def)             Requested size: 614.58406pt x 795.3441pt.
File: RLeeDissertation.pdf Graphic file (type pdf)
<use RLeeDissertation.pdf, page 88>
Package pdftex.def Info: RLeeDissertation.pdf , page88 used on input line 8.
(pdftex.def)             Requested size: 614.58406pt x 795.3441pt.


File: RLeeDissertation.pdf Graphic file (type pdf)
<use RLeeDissertation.pdf, page 88>
Package pdftex.def Info: RLeeDissertation.pdf , page88 used on input line 8.
(pdftex.def)             Requested size: 614.58406pt x 795.3441pt.
[47

 <./RLeeDissertation.pdf>]
<RLeeDissertation.pdf, id=314, page=89, 614.295pt x 794.97pt>
File: RLeeDissertation.pdf Graphic file (type pdf)
<use RLeeDissertation.pdf, page 89>
Package pdftex.def Info: RLeeDissertation.pdf , page89 used on input line 8.
(pdftex.def)             Requested size: 614.58406pt x 795.3441pt.
File: RLeeDissertation.pdf Graphic file (type pdf)
<use RLeeDissertation.pdf, page 89>
Package pdftex.def Info: RLeeDissertation.pdf , page89 used on input line 8.
(pdftex.def)             Requested size: 614.58406pt x 795.3441pt.


File: RLeeDissertation.pdf Graphic file (type pdf)
<use RLeeDissertation.pdf, page 89>
Package pdftex.def Info: RLeeDissertation.pdf , page89 used on input line 8.
(pdftex.def)             Requested size: 614.58406pt x 795.3441pt.
[48

 <./RLeeDissertation.pdf>]
<RLeeDissertation.pdf, id=320, page=90, 614.295pt x 794.97pt>
File: RLeeDissertation.pdf Graphic file (type pdf)
<use RLeeDissertation.pdf, page 90>
Package pdftex.def Info: RLeeDissertation.pdf , page90 used on input line 8.
(pdftex.def)             Requested size: 614.58406pt x 795.3441pt.
File: RLeeDissertation.pdf Graphic file (type pdf)
<use RLeeDissertation.pdf, page 90>
Package pdftex.def Info: RLeeDissertation.pdf , page90 used on input line 8.
(pdftex.def)             Requested size: 614.58406pt x 795.3441pt.


File: RLeeDissertation.pdf Graphic file (type pdf)
<use RLeeDissertation.pdf, page 90>
Package pdftex.def Info: RLeeDissertation.pdf , page90 used on input line 8.
(pdftex.def)             Requested size: 614.58406pt x 795.3441pt.
[49

 <./RLeeDissertation.pdf>]
<RLeeDissertation.pdf, id=327, page=91, 614.295pt x 794.97pt>
File: RLeeDissertation.pdf Graphic file (type pdf)
<use RLeeDissertation.pdf, page 91>
Package pdftex.def Info: RLeeDissertation.pdf , page91 used on input line 8.
(pdftex.def)             Requested size: 614.58406pt x 795.3441pt.
File: RLeeDissertation.pdf Graphic file (type pdf)
<use RLeeDissertation.pdf, page 91>
Package pdftex.def Info: RLeeDissertation.pdf , page91 used on input line 8.
(pdftex.def)             Requested size: 614.58406pt x 795.3441pt.


File: RLeeDissertation.pdf Graphic file (type pdf)
<use RLeeDissertation.pdf, page 91>
Package pdftex.def Info: RLeeDissertation.pdf , page91 used on input line 8.
(pdftex.def)             Requested size: 614.58406pt x 795.3441pt.
[50

 <./RLeeDissertation.pdf>]
<RLeeDissertation.pdf, id=333, page=92, 614.295pt x 794.97pt>
File: RLeeDissertation.pdf Graphic file (type pdf)
<use RLeeDissertation.pdf, page 92>
Package pdftex.def Info: RLeeDissertation.pdf , page92 used on input line 8.
(pdftex.def)             Requested size: 614.58406pt x 795.3441pt.
File: RLeeDissertation.pdf Graphic file (type pdf)
<use RLeeDissertation.pdf, page 92>
Package pdftex.def Info: RLeeDissertation.pdf , page92 used on input line 8.
(pdftex.def)             Requested size: 614.58406pt x 795.3441pt.


File: RLeeDissertation.pdf Graphic file (type pdf)
<use RLeeDissertation.pdf, page 92>
Package pdftex.def Info: RLeeDissertation.pdf , page92 used on input line 8.
(pdftex.def)             Requested size: 614.58406pt x 795.3441pt.
[51

 <./RLeeDissertation.pdf>]
<RLeeDissertation.pdf, id=339, page=93, 614.295pt x 794.97pt>
File: RLeeDissertation.pdf Graphic file (type pdf)
<use RLeeDissertation.pdf, page 93>
Package pdftex.def Info: RLeeDissertation.pdf , page93 used on input line 8.
(pdftex.def)             Requested size: 614.58406pt x 795.3441pt.
File: RLeeDissertation.pdf Graphic file (type pdf)
<use RLeeDissertation.pdf, page 93>
Package pdftex.def Info: RLeeDissertation.pdf , page93 used on input line 8.
(pdftex.def)             Requested size: 614.58406pt x 795.3441pt.


File: RLeeDissertation.pdf Graphic file (type pdf)
<use RLeeDissertation.pdf, page 93>
Package pdftex.def Info: RLeeDissertation.pdf , page93 used on input line 8.
(pdftex.def)             Requested size: 614.58406pt x 795.3441pt.
[52

 <./RLeeDissertation.pdf>]
<RLeeDissertation.pdf, id=345, page=94, 614.295pt x 794.97pt>
File: RLeeDissertation.pdf Graphic file (type pdf)
<use RLeeDissertation.pdf, page 94>
Package pdftex.def Info: RLeeDissertation.pdf , page94 used on input line 8.
(pdftex.def)             Requested size: 614.58406pt x 795.3441pt.
File: RLeeDissertation.pdf Graphic file (type pdf)
<use RLeeDissertation.pdf, page 94>
Package pdftex.def Info: RLeeDissertation.pdf , page94 used on input line 8.
(pdftex.def)             Requested size: 614.58406pt x 795.3441pt.


File: RLeeDissertation.pdf Graphic file (type pdf)
<use RLeeDissertation.pdf, page 94>
Package pdftex.def Info: RLeeDissertation.pdf , page94 used on input line 8.
(pdftex.def)             Requested size: 614.58406pt x 795.3441pt.
[53

 <./RLeeDissertation.pdf>]
<RLeeDissertation.pdf, id=351, page=95, 614.295pt x 794.97pt>
File: RLeeDissertation.pdf Graphic file (type pdf)
<use RLeeDissertation.pdf, page 95>
Package pdftex.def Info: RLeeDissertation.pdf , page95 used on input line 8.
(pdftex.def)             Requested size: 614.58406pt x 795.3441pt.
File: RLeeDissertation.pdf Graphic file (type pdf)
<use RLeeDissertation.pdf, page 95>
Package pdftex.def Info: RLeeDissertation.pdf , page95 used on input line 8.
(pdftex.def)             Requested size: 614.58406pt x 795.3441pt.


File: RLeeDissertation.pdf Graphic file (type pdf)
<use RLeeDissertation.pdf, page 95>
Package pdftex.def Info: RLeeDissertation.pdf , page95 used on input line 8.
(pdftex.def)             Requested size: 614.58406pt x 795.3441pt.
[54

 <./RLeeDissertation.pdf>]
<RLeeDissertation.pdf, id=359, page=96, 614.295pt x 794.97pt>
File: RLeeDissertation.pdf Graphic file (type pdf)
<use RLeeDissertation.pdf, page 96>
Package pdftex.def Info: RLeeDissertation.pdf , page96 used on input line 8.
(pdftex.def)             Requested size: 614.58406pt x 795.3441pt.
File: RLeeDissertation.pdf Graphic file (type pdf)
<use RLeeDissertation.pdf, page 96>
Package pdftex.def Info: RLeeDissertation.pdf , page96 used on input line 8.
(pdftex.def)             Requested size: 614.58406pt x 795.3441pt.


File: RLeeDissertation.pdf Graphic file (type pdf)
<use RLeeDissertation.pdf, page 96>
Package pdftex.def Info: RLeeDissertation.pdf , page96 used on input line 8.
(pdftex.def)             Requested size: 614.58406pt x 795.3441pt.
[55

 <./RLeeDissertation.pdf>]
<RLeeDissertation.pdf, id=368, page=97, 614.295pt x 794.97pt>
File: RLeeDissertation.pdf Graphic file (type pdf)
<use RLeeDissertation.pdf, page 97>
Package pdftex.def Info: RLeeDissertation.pdf , page97 used on input line 8.
(pdftex.def)             Requested size: 614.58406pt x 795.3441pt.
File: RLeeDissertation.pdf Graphic file (type pdf)
<use RLeeDissertation.pdf, page 97>
Package pdftex.def Info: RLeeDissertation.pdf , page97 used on input line 8.
(pdftex.def)             Requested size: 614.58406pt x 795.3441pt.


File: RLeeDissertation.pdf Graphic file (type pdf)
<use RLeeDissertation.pdf, page 97>
Package pdftex.def Info: RLeeDissertation.pdf , page97 used on input line 8.
(pdftex.def)             Requested size: 614.58406pt x 795.3441pt.
[56

 <./RLeeDissertation.pdf>]
<RLeeDissertation.pdf, id=374, page=98, 614.295pt x 794.97pt>
File: RLeeDissertation.pdf Graphic file (type pdf)
<use RLeeDissertation.pdf, page 98>
Package pdftex.def Info: RLeeDissertation.pdf , page98 used on input line 8.
(pdftex.def)             Requested size: 614.58406pt x 795.3441pt.
File: RLeeDissertation.pdf Graphic file (type pdf)
<use RLeeDissertation.pdf, page 98>
Package pdftex.def Info: RLeeDissertation.pdf , page98 used on input line 8.
(pdftex.def)             Requested size: 614.58406pt x 795.3441pt.


File: RLeeDissertation.pdf Graphic file (type pdf)
<use RLeeDissertation.pdf, page 98>
Package pdftex.def Info: RLeeDissertation.pdf , page98 used on input line 8.
(pdftex.def)             Requested size: 614.58406pt x 795.3441pt.
[57

 <./RLeeDissertation.pdf>]
<RLeeDissertation.pdf, id=382, page=99, 614.295pt x 794.97pt>
File: RLeeDissertation.pdf Graphic file (type pdf)
<use RLeeDissertation.pdf, page 99>
Package pdftex.def Info: RLeeDissertation.pdf , page99 used on input line 8.
(pdftex.def)             Requested size: 614.58406pt x 795.3441pt.
File: RLeeDissertation.pdf Graphic file (type pdf)
<use RLeeDissertation.pdf, page 99>
Package pdftex.def Info: RLeeDissertation.pdf , page99 used on input line 8.
(pdftex.def)             Requested size: 614.58406pt x 795.3441pt.


File: RLeeDissertation.pdf Graphic file (type pdf)
<use RLeeDissertation.pdf, page 99>
Package pdftex.def Info: RLeeDissertation.pdf , page99 used on input line 8.
(pdftex.def)             Requested size: 614.58406pt x 795.3441pt.
[58

 <./RLeeDissertation.pdf>]
<RLeeDissertation.pdf, id=388, page=100, 614.295pt x 794.97pt>
File: RLeeDissertation.pdf Graphic file (type pdf)
<use RLeeDissertation.pdf, page 100>
Package pdftex.def Info: RLeeDissertation.pdf , page100 used on input line 8.
(pdftex.def)             Requested size: 614.58406pt x 795.3441pt.
File: RLeeDissertation.pdf Graphic file (type pdf)
<use RLeeDissertation.pdf, page 100>
Package pdftex.def Info: RLeeDissertation.pdf , page100 used on input line 8.
(pdftex.def)             Requested size: 614.58406pt x 795.3441pt.


File: RLeeDissertation.pdf Graphic file (type pdf)
<use RLeeDissertation.pdf, page 100>
Package pdftex.def Info: RLeeDissertation.pdf , page100 used on input line 8.
(pdftex.def)             Requested size: 614.58406pt x 795.3441pt.
[59

 <./RLeeDissertation.pdf>]
<RLeeDissertation.pdf, id=394, page=101, 614.295pt x 794.97pt>
File: RLeeDissertation.pdf Graphic file (type pdf)
<use RLeeDissertation.pdf, page 101>
Package pdftex.def Info: RLeeDissertation.pdf , page101 used on input line 8.
(pdftex.def)             Requested size: 614.58406pt x 795.3441pt.
File: RLeeDissertation.pdf Graphic file (type pdf)
<use RLeeDissertation.pdf, page 101>
Package pdftex.def Info: RLeeDissertation.pdf , page101 used on input line 8.
(pdftex.def)             Requested size: 614.58406pt x 795.3441pt.


File: RLeeDissertation.pdf Graphic file (type pdf)
<use RLeeDissertation.pdf, page 101>
Package pdftex.def Info: RLeeDissertation.pdf , page101 used on input line 8.
(pdftex.def)             Requested size: 614.58406pt x 795.3441pt.
[60

 <./RLeeDissertation.pdf>]
<RLeeDissertation.pdf, id=400, page=102, 614.295pt x 794.97pt>
File: RLeeDissertation.pdf Graphic file (type pdf)
<use RLeeDissertation.pdf, page 102>
Package pdftex.def Info: RLeeDissertation.pdf , page102 used on input line 8.
(pdftex.def)             Requested size: 614.58406pt x 795.3441pt.
File: RLeeDissertation.pdf Graphic file (type pdf)
<use RLeeDissertation.pdf, page 102>
Package pdftex.def Info: RLeeDissertation.pdf , page102 used on input line 8.
(pdftex.def)             Requested size: 614.58406pt x 795.3441pt.


File: RLeeDissertation.pdf Graphic file (type pdf)
<use RLeeDissertation.pdf, page 102>
Package pdftex.def Info: RLeeDissertation.pdf , page102 used on input line 8.
(pdftex.def)             Requested size: 614.58406pt x 795.3441pt.
[61

 <./RLeeDissertation.pdf>]
<RLeeDissertation.pdf, id=407, page=103, 614.295pt x 794.97pt>
File: RLeeDissertation.pdf Graphic file (type pdf)
<use RLeeDissertation.pdf, page 103>
Package pdftex.def Info: RLeeDissertation.pdf , page103 used on input line 8.
(pdftex.def)             Requested size: 614.58406pt x 795.3441pt.
File: RLeeDissertation.pdf Graphic file (type pdf)
<use RLeeDissertation.pdf, page 103>
Package pdftex.def Info: RLeeDissertation.pdf , page103 used on input line 8.
(pdftex.def)             Requested size: 614.58406pt x 795.3441pt.


File: RLeeDissertation.pdf Graphic file (type pdf)
<use RLeeDissertation.pdf, page 103>
Package pdftex.def Info: RLeeDissertation.pdf , page103 used on input line 8.
(pdftex.def)             Requested size: 614.58406pt x 795.3441pt.
[62

 <./RLeeDissertation.pdf>]
<RLeeDissertation.pdf, id=413, page=104, 614.295pt x 794.97pt>
File: RLeeDissertation.pdf Graphic file (type pdf)
<use RLeeDissertation.pdf, page 104>
Package pdftex.def Info: RLeeDissertation.pdf , page104 used on input line 8.
(pdftex.def)             Requested size: 614.58406pt x 795.3441pt.
File: RLeeDissertation.pdf Graphic file (type pdf)
<use RLeeDissertation.pdf, page 104>
Package pdftex.def Info: RLeeDissertation.pdf , page104 used on input line 8.
(pdftex.def)             Requested size: 614.58406pt x 795.3441pt.


File: RLeeDissertation.pdf Graphic file (type pdf)
<use RLeeDissertation.pdf, page 104>
Package pdftex.def Info: RLeeDissertation.pdf , page104 used on input line 8.
(pdftex.def)             Requested size: 614.58406pt x 795.3441pt.
[63

 <./RLeeDissertation.pdf>]
<RLeeDissertation.pdf, id=419, page=105, 614.295pt x 794.97pt>
File: RLeeDissertation.pdf Graphic file (type pdf)
<use RLeeDissertation.pdf, page 105>
Package pdftex.def Info: RLeeDissertation.pdf , page105 used on input line 8.
(pdftex.def)             Requested size: 614.58406pt x 795.3441pt.
File: RLeeDissertation.pdf Graphic file (type pdf)
<use RLeeDissertation.pdf, page 105>
Package pdftex.def Info: RLeeDissertation.pdf , page105 used on input line 8.
(pdftex.def)             Requested size: 614.58406pt x 795.3441pt.


File: RLeeDissertation.pdf Graphic file (type pdf)
<use RLeeDissertation.pdf, page 105>
Package pdftex.def Info: RLeeDissertation.pdf , page105 used on input line 8.
(pdftex.def)             Requested size: 614.58406pt x 795.3441pt.
[64

 <./RLeeDissertation.pdf>]
<RLeeDissertation.pdf, id=431, page=106, 614.295pt x 794.97pt>
File: RLeeDissertation.pdf Graphic file (type pdf)
<use RLeeDissertation.pdf, page 106>
Package pdftex.def Info: RLeeDissertation.pdf , page106 used on input line 8.
(pdftex.def)             Requested size: 614.58406pt x 795.3441pt.
File: RLeeDissertation.pdf Graphic file (type pdf)
<use RLeeDissertation.pdf, page 106>
Package pdftex.def Info: RLeeDissertation.pdf , page106 used on input line 8.
(pdftex.def)             Requested size: 614.58406pt x 795.3441pt.


File: RLeeDissertation.pdf Graphic file (type pdf)
<use RLeeDissertation.pdf, page 106>
Package pdftex.def Info: RLeeDissertation.pdf , page106 used on input line 8.
(pdftex.def)             Requested size: 614.58406pt x 795.3441pt.
[65

 <./RLeeDissertation.pdf>]
<RLeeDissertation.pdf, id=435, page=107, 614.295pt x 794.97pt>
File: RLeeDissertation.pdf Graphic file (type pdf)
<use RLeeDissertation.pdf, page 107>
Package pdftex.def Info: RLeeDissertation.pdf , page107 used on input line 8.
(pdftex.def)             Requested size: 614.58406pt x 795.3441pt.
File: RLeeDissertation.pdf Graphic file (type pdf)
<use RLeeDissertation.pdf, page 107>
Package pdftex.def Info: RLeeDissertation.pdf , page107 used on input line 8.
(pdftex.def)             Requested size: 614.58406pt x 795.3441pt.


File: RLeeDissertation.pdf Graphic file (type pdf)
<use RLeeDissertation.pdf, page 107>
Package pdftex.def Info: RLeeDissertation.pdf , page107 used on input line 8.
(pdftex.def)             Requested size: 614.58406pt x 795.3441pt.
[66

 <./RLeeDissertation.pdf>]
<RLeeDissertation.pdf, id=439, page=108, 614.295pt x 794.97pt>
File: RLeeDissertation.pdf Graphic file (type pdf)
<use RLeeDissertation.pdf, page 108>
Package pdftex.def Info: RLeeDissertation.pdf , page108 used on input line 8.
(pdftex.def)             Requested size: 614.58406pt x 795.3441pt.
File: RLeeDissertation.pdf Graphic file (type pdf)
<use RLeeDissertation.pdf, page 108>
Package pdftex.def Info: RLeeDissertation.pdf , page108 used on input line 8.
(pdftex.def)             Requested size: 614.58406pt x 795.3441pt.


File: RLeeDissertation.pdf Graphic file (type pdf)
<use RLeeDissertation.pdf, page 108>
Package pdftex.def Info: RLeeDissertation.pdf , page108 used on input line 8.
(pdftex.def)             Requested size: 614.58406pt x 795.3441pt.
[67

 <./RLeeDissertation.pdf>]
<RLeeDissertation.pdf, id=444, page=109, 614.295pt x 794.97pt>
File: RLeeDissertation.pdf Graphic file (type pdf)
<use RLeeDissertation.pdf, page 109>
Package pdftex.def Info: RLeeDissertation.pdf , page109 used on input line 8.
(pdftex.def)             Requested size: 614.58406pt x 795.3441pt.
File: RLeeDissertation.pdf Graphic file (type pdf)
<use RLeeDissertation.pdf, page 109>
Package pdftex.def Info: RLeeDissertation.pdf , page109 used on input line 8.
(pdftex.def)             Requested size: 614.58406pt x 795.3441pt.


File: RLeeDissertation.pdf Graphic file (type pdf)
<use RLeeDissertation.pdf, page 109>
Package pdftex.def Info: RLeeDissertation.pdf , page109 used on input line 8.
(pdftex.def)             Requested size: 614.58406pt x 795.3441pt.
[68

 <./RLeeDissertation.pdf>]
<RLeeDissertation.pdf, id=448, page=110, 614.295pt x 794.97pt>
File: RLeeDissertation.pdf Graphic file (type pdf)
<use RLeeDissertation.pdf, page 110>
Package pdftex.def Info: RLeeDissertation.pdf , page110 used on input line 8.
(pdftex.def)             Requested size: 614.58406pt x 795.3441pt.
File: RLeeDissertation.pdf Graphic file (type pdf)
<use RLeeDissertation.pdf, page 110>
Package pdftex.def Info: RLeeDissertation.pdf , page110 used on input line 8.
(pdftex.def)             Requested size: 614.58406pt x 795.3441pt.


File: RLeeDissertation.pdf Graphic file (type pdf)
<use RLeeDissertation.pdf, page 110>
Package pdftex.def Info: RLeeDissertation.pdf , page110 used on input line 8.
(pdftex.def)             Requested size: 614.58406pt x 795.3441pt.
[69

 <./RLeeDissertation.pdf>]
<RLeeDissertation.pdf, id=454, page=111, 614.295pt x 794.97pt>
File: RLeeDissertation.pdf Graphic file (type pdf)
<use RLeeDissertation.pdf, page 111>
Package pdftex.def Info: RLeeDissertation.pdf , page111 used on input line 8.
(pdftex.def)             Requested size: 614.58406pt x 795.3441pt.
File: RLeeDissertation.pdf Graphic file (type pdf)
<use RLeeDissertation.pdf, page 111>
Package pdftex.def Info: RLeeDissertation.pdf , page111 used on input line 8.
(pdftex.def)             Requested size: 614.58406pt x 795.3441pt.


File: RLeeDissertation.pdf Graphic file (type pdf)
<use RLeeDissertation.pdf, page 111>
Package pdftex.def Info: RLeeDissertation.pdf , page111 used on input line 8.
(pdftex.def)             Requested size: 614.58406pt x 795.3441pt.
[70

 <./RLeeDissertation.pdf>]
<RLeeDissertation.pdf, id=460, page=112, 614.295pt x 794.97pt>
File: RLeeDissertation.pdf Graphic file (type pdf)
<use RLeeDissertation.pdf, page 112>
Package pdftex.def Info: RLeeDissertation.pdf , page112 used on input line 8.
(pdftex.def)             Requested size: 614.58406pt x 795.3441pt.
File: RLeeDissertation.pdf Graphic file (type pdf)
<use RLeeDissertation.pdf, page 112>
Package pdftex.def Info: RLeeDissertation.pdf , page112 used on input line 8.
(pdftex.def)             Requested size: 614.58406pt x 795.3441pt.


File: RLeeDissertation.pdf Graphic file (type pdf)
<use RLeeDissertation.pdf, page 112>
Package pdftex.def Info: RLeeDissertation.pdf , page112 used on input line 8.
(pdftex.def)             Requested size: 614.58406pt x 795.3441pt.
[71

 <./RLeeDissertation.pdf>]
<RLeeDissertation.pdf, id=466, page=113, 614.295pt x 794.97pt>
File: RLeeDissertation.pdf Graphic file (type pdf)
<use RLeeDissertation.pdf, page 113>
Package pdftex.def Info: RLeeDissertation.pdf , page113 used on input line 8.
(pdftex.def)             Requested size: 614.58406pt x 795.3441pt.
File: RLeeDissertation.pdf Graphic file (type pdf)
<use RLeeDissertation.pdf, page 113>
Package pdftex.def Info: RLeeDissertation.pdf , page113 used on input line 8.
(pdftex.def)             Requested size: 614.58406pt x 795.3441pt.


File: RLeeDissertation.pdf Graphic file (type pdf)
<use RLeeDissertation.pdf, page 113>
Package pdftex.def Info: RLeeDissertation.pdf , page113 used on input line 8.
(pdftex.def)             Requested size: 614.58406pt x 795.3441pt.
[72

 <./RLeeDissertation.pdf>]
<RLeeDissertation.pdf, id=470, page=114, 614.295pt x 794.97pt>
File: RLeeDissertation.pdf Graphic file (type pdf)
<use RLeeDissertation.pdf, page 114>
Package pdftex.def Info: RLeeDissertation.pdf , page114 used on input line 8.
(pdftex.def)             Requested size: 614.58406pt x 795.3441pt.
File: RLeeDissertation.pdf Graphic file (type pdf)
<use RLeeDissertation.pdf, page 114>
Package pdftex.def Info: RLeeDissertation.pdf , page114 used on input line 8.
(pdftex.def)             Requested size: 614.58406pt x 795.3441pt.


File: RLeeDissertation.pdf Graphic file (type pdf)
<use RLeeDissertation.pdf, page 114>
Package pdftex.def Info: RLeeDissertation.pdf , page114 used on input line 8.
(pdftex.def)             Requested size: 614.58406pt x 795.3441pt.
[73

 <./RLeeDissertation.pdf>]
<RLeeDissertation.pdf, id=477, page=115, 614.295pt x 794.97pt>
File: RLeeDissertation.pdf Graphic file (type pdf)
<use RLeeDissertation.pdf, page 115>
Package pdftex.def Info: RLeeDissertation.pdf , page115 used on input line 8.
(pdftex.def)             Requested size: 614.58406pt x 795.3441pt.
File: RLeeDissertation.pdf Graphic file (type pdf)
<use RLeeDissertation.pdf, page 115>
Package pdftex.def Info: RLeeDissertation.pdf , page115 used on input line 8.
(pdftex.def)             Requested size: 614.58406pt x 795.3441pt.


File: RLeeDissertation.pdf Graphic file (type pdf)
<use RLeeDissertation.pdf, page 115>
Package pdftex.def Info: RLeeDissertation.pdf , page115 used on input line 8.
(pdftex.def)             Requested size: 614.58406pt x 795.3441pt.
[74

 <./RLeeDissertation.pdf>]
<RLeeDissertation.pdf, id=483, page=116, 614.295pt x 794.97pt>
File: RLeeDissertation.pdf Graphic file (type pdf)
<use RLeeDissertation.pdf, page 116>
Package pdftex.def Info: RLeeDissertation.pdf , page116 used on input line 8.
(pdftex.def)             Requested size: 614.58406pt x 795.3441pt.
File: RLeeDissertation.pdf Graphic file (type pdf)
<use RLeeDissertation.pdf, page 116>
Package pdftex.def Info: RLeeDissertation.pdf , page116 used on input line 8.
(pdftex.def)             Requested size: 614.58406pt x 795.3441pt.


File: RLeeDissertation.pdf Graphic file (type pdf)
<use RLeeDissertation.pdf, page 116>
Package pdftex.def Info: RLeeDissertation.pdf , page116 used on input line 8.
(pdftex.def)             Requested size: 614.58406pt x 795.3441pt.
[75

 <./RLeeDissertation.pdf>]
<RLeeDissertation.pdf, id=489, page=117, 614.295pt x 794.97pt>
File: RLeeDissertation.pdf Graphic file (type pdf)
<use RLeeDissertation.pdf, page 117>
Package pdftex.def Info: RLeeDissertation.pdf , page117 used on input line 8.
(pdftex.def)             Requested size: 614.58406pt x 795.3441pt.
File: RLeeDissertation.pdf Graphic file (type pdf)
<use RLeeDissertation.pdf, page 117>
Package pdftex.def Info: RLeeDissertation.pdf , page117 used on input line 8.
(pdftex.def)             Requested size: 614.58406pt x 795.3441pt.


File: RLeeDissertation.pdf Graphic file (type pdf)
<use RLeeDissertation.pdf, page 117>
Package pdftex.def Info: RLeeDissertation.pdf , page117 used on input line 8.
(pdftex.def)             Requested size: 614.58406pt x 795.3441pt.
[76

 <./RLeeDissertation.pdf>]
<RLeeDissertation.pdf, id=493, page=118, 614.295pt x 794.97pt>
File: RLeeDissertation.pdf Graphic file (type pdf)
<use RLeeDissertation.pdf, page 118>
Package pdftex.def Info: RLeeDissertation.pdf , page118 used on input line 8.
(pdftex.def)             Requested size: 614.58406pt x 795.3441pt.
File: RLeeDissertation.pdf Graphic file (type pdf)
<use RLeeDissertation.pdf, page 118>
Package pdftex.def Info: RLeeDissertation.pdf , page118 used on input line 8.
(pdftex.def)             Requested size: 614.58406pt x 795.3441pt.


File: RLeeDissertation.pdf Graphic file (type pdf)
<use RLeeDissertation.pdf, page 118>
Package pdftex.def Info: RLeeDissertation.pdf , page118 used on input line 8.
(pdftex.def)             Requested size: 614.58406pt x 795.3441pt.
[77

 <./RLeeDissertation.pdf>]
<RLeeDissertation.pdf, id=497, page=119, 614.295pt x 794.97pt>
File: RLeeDissertation.pdf Graphic file (type pdf)
<use RLeeDissertation.pdf, page 119>
Package pdftex.def Info: RLeeDissertation.pdf , page119 used on input line 8.
(pdftex.def)             Requested size: 614.58406pt x 795.3441pt.
File: RLeeDissertation.pdf Graphic file (type pdf)
<use RLeeDissertation.pdf, page 119>
Package pdftex.def Info: RLeeDissertation.pdf , page119 used on input line 8.
(pdftex.def)             Requested size: 614.58406pt x 795.3441pt.


File: RLeeDissertation.pdf Graphic file (type pdf)
<use RLeeDissertation.pdf, page 119>
Package pdftex.def Info: RLeeDissertation.pdf , page119 used on input line 8.
(pdftex.def)             Requested size: 614.58406pt x 795.3441pt.
[78

 <./RLeeDissertation.pdf>]
<RLeeDissertation.pdf, id=501, page=120, 614.295pt x 794.97pt>
File: RLeeDissertation.pdf Graphic file (type pdf)
<use RLeeDissertation.pdf, page 120>
Package pdftex.def Info: RLeeDissertation.pdf , page120 used on input line 8.
(pdftex.def)             Requested size: 614.58406pt x 795.3441pt.
File: RLeeDissertation.pdf Graphic file (type pdf)
<use RLeeDissertation.pdf, page 120>
Package pdftex.def Info: RLeeDissertation.pdf , page120 used on input line 8.
(pdftex.def)             Requested size: 614.58406pt x 795.3441pt.


File: RLeeDissertation.pdf Graphic file (type pdf)
<use RLeeDissertation.pdf, page 120>
Package pdftex.def Info: RLeeDissertation.pdf , page120 used on input line 8.
(pdftex.def)             Requested size: 614.58406pt x 795.3441pt.
[79

 <./RLeeDissertation.pdf>]
<RLeeDissertation.pdf, id=508, page=121, 614.295pt x 794.97pt>
File: RLeeDissertation.pdf Graphic file (type pdf)
<use RLeeDissertation.pdf, page 121>
Package pdftex.def Info: RLeeDissertation.pdf , page121 used on input line 8.
(pdftex.def)             Requested size: 614.58406pt x 795.3441pt.
File: RLeeDissertation.pdf Graphic file (type pdf)
<use RLeeDissertation.pdf, page 121>
Package pdftex.def Info: RLeeDissertation.pdf , page121 used on input line 8.
(pdftex.def)             Requested size: 614.58406pt x 795.3441pt.


File: RLeeDissertation.pdf Graphic file (type pdf)
<use RLeeDissertation.pdf, page 121>
Package pdftex.def Info: RLeeDissertation.pdf , page121 used on input line 8.
(pdftex.def)             Requested size: 614.58406pt x 795.3441pt.
[80

 <./RLeeDissertation.pdf>]
<RLeeDissertation.pdf, id=514, page=122, 614.295pt x 794.97pt>
File: RLeeDissertation.pdf Graphic file (type pdf)
<use RLeeDissertation.pdf, page 122>
Package pdftex.def Info: RLeeDissertation.pdf , page122 used on input line 8.
(pdftex.def)             Requested size: 614.58406pt x 795.3441pt.
File: RLeeDissertation.pdf Graphic file (type pdf)
<use RLeeDissertation.pdf, page 122>
Package pdftex.def Info: RLeeDissertation.pdf , page122 used on input line 8.
(pdftex.def)             Requested size: 614.58406pt x 795.3441pt.


File: RLeeDissertation.pdf Graphic file (type pdf)
<use RLeeDissertation.pdf, page 122>
Package pdftex.def Info: RLeeDissertation.pdf , page122 used on input line 8.
(pdftex.def)             Requested size: 614.58406pt x 795.3441pt.
[81

 <./RLeeDissertation.pdf>]
<RLeeDissertation.pdf, id=520, page=123, 614.295pt x 794.97pt>
File: RLeeDissertation.pdf Graphic file (type pdf)
<use RLeeDissertation.pdf, page 123>
Package pdftex.def Info: RLeeDissertation.pdf , page123 used on input line 8.
(pdftex.def)             Requested size: 614.58406pt x 795.3441pt.
File: RLeeDissertation.pdf Graphic file (type pdf)
<use RLeeDissertation.pdf, page 123>
Package pdftex.def Info: RLeeDissertation.pdf , page123 used on input line 8.
(pdftex.def)             Requested size: 614.58406pt x 795.3441pt.


File: RLeeDissertation.pdf Graphic file (type pdf)
<use RLeeDissertation.pdf, page 123>
Package pdftex.def Info: RLeeDissertation.pdf , page123 used on input line 8.
(pdftex.def)             Requested size: 614.58406pt x 795.3441pt.
[82

 <./RLeeDissertation.pdf>]
<RLeeDissertation.pdf, id=524, page=124, 614.295pt x 794.97pt>
File: RLeeDissertation.pdf Graphic file (type pdf)
<use RLeeDissertation.pdf, page 124>
Package pdftex.def Info: RLeeDissertation.pdf , page124 used on input line 8.
(pdftex.def)             Requested size: 614.58406pt x 795.3441pt.
File: RLeeDissertation.pdf Graphic file (type pdf)
<use RLeeDissertation.pdf, page 124>
Package pdftex.def Info: RLeeDissertation.pdf , page124 used on input line 8.
(pdftex.def)             Requested size: 614.58406pt x 795.3441pt.


File: RLeeDissertation.pdf Graphic file (type pdf)
<use RLeeDissertation.pdf, page 124>
Package pdftex.def Info: RLeeDissertation.pdf , page124 used on input line 8.
(pdftex.def)             Requested size: 614.58406pt x 795.3441pt.
[83

 <./RLeeDissertation.pdf>]
<RLeeDissertation.pdf, id=530, page=125, 614.295pt x 794.97pt>
File: RLeeDissertation.pdf Graphic file (type pdf)
<use RLeeDissertation.pdf, page 125>
Package pdftex.def Info: RLeeDissertation.pdf , page125 used on input line 8.
(pdftex.def)             Requested size: 614.58406pt x 795.3441pt.
File: RLeeDissertation.pdf Graphic file (type pdf)
<use RLeeDissertation.pdf, page 125>
Package pdftex.def Info: RLeeDissertation.pdf , page125 used on input line 8.
(pdftex.def)             Requested size: 614.58406pt x 795.3441pt.


File: RLeeDissertation.pdf Graphic file (type pdf)
<use RLeeDissertation.pdf, page 125>
Package pdftex.def Info: RLeeDissertation.pdf , page125 used on input line 8.
(pdftex.def)             Requested size: 614.58406pt x 795.3441pt.
[84

 <./RLeeDissertation.pdf>]
<RLeeDissertation.pdf, id=536, page=126, 614.295pt x 794.97pt>
File: RLeeDissertation.pdf Graphic file (type pdf)
<use RLeeDissertation.pdf, page 126>
Package pdftex.def Info: RLeeDissertation.pdf , page126 used on input line 8.
(pdftex.def)             Requested size: 614.58406pt x 795.3441pt.
File: RLeeDissertation.pdf Graphic file (type pdf)
<use RLeeDissertation.pdf, page 126>
Package pdftex.def Info: RLeeDissertation.pdf , page126 used on input line 8.
(pdftex.def)             Requested size: 614.58406pt x 795.3441pt.


File: RLeeDissertation.pdf Graphic file (type pdf)
<use RLeeDissertation.pdf, page 126>
Package pdftex.def Info: RLeeDissertation.pdf , page126 used on input line 8.
(pdftex.def)             Requested size: 614.58406pt x 795.3441pt.
[85

 <./RLeeDissertation.pdf>] (./PageSubsetDocument.aux)
 ***********
LaTeX2e <2025-06-01> patch level 1
L3 programming layer <2025-07-19>
 ***********
 ) 
Here is how much of TeX's memory you used:
 3306 strings out of 467816
 58294 string characters out of 5432252
 456438 words of memory out of 5000000
 31933 multiletter control sequences out of 15000+600000
 626825 words of font info for 40 fonts, out of 8000000 for 9000
 1141 hyphenation exceptions out of 8191
 72i,17n,79p,272b,438s stack positions out of 10000i,1000n,20000p,200000b,200000s
</usr/local/texlive/2025/texmf-dist/fonts/type1/public/amsfonts/cm/cmex10.pfb></usr/local/texlive/2025/texmf-dist/fonts/type1/public/amsfonts/cm/cmmi10.pfb></usr/local/texlive/2025/texmf-dist/fonts/type1/public/amsfonts/cm/cmmi12.pfb></usr/local/texlive/2025/texmf-dist/fonts/type1/public/amsfonts/cm/cmr10.pfb></usr/local/texlive/2025/texmf-dist/fonts/type1/public/amsfonts/cm/cmsy10.pfb></usr/local/texlive/2025/texmf-dist/fonts/type1/urw/symbol/usyr.pfb></usr/local/texlive/2025/texmf-dist/fonts/type1/urw/symbol/usyr.pfb></usr/local/texlive/2025/texmf-dist/fonts/type1/urw/times/utmb8a.pfb></usr/local/texlive/2025/texmf-dist/fonts/type1/urw/times/utmr8a.pfb></usr/local/texlive/2025/texmf-dist/fonts/type1/urw/times/utmri8a.pfb>
Output written on PageSubsetDocument.pdf (85 pages, 2565064 bytes).
PDF statistics:
 560 PDF objects out of 1000 (max. 8388607)
 241 compressed objects within 3 object streams
 0 named destinations out of 1000 (max. 500000)
 436 words of extra memory for PDF output out of 10000 (max. 10000000)

